apecs-box2d-0.1.0.0: unregistering (local file changes: src/Apecs/Box2D.hs)
apecs-box3d-0.1.0.0: unregistering (local file changes: src/Apecs/Box3D.hs)
apecs-box2d> build (lib + exe) with ghc-9.10.3
apecs-box3d> build (lib + exe) with ghc-9.10.3
apecs-box2d> Preprocessing library for apecs-box2d-0.1.0.0...
apecs-box2d> Building library for apecs-box2d-0.1.0.0...
apecs-box3d> Preprocessing library for apecs-box3d-0.1.0.0...
apecs-box3d> Building library for apecs-box3d-0.1.0.0...
apecs-box2d> [1 of 1] Compiling Apecs.Box2D [Source file changed]
apecs-box3d> [1 of 1] Compiling Apecs.Box3D [Source file changed]
apecs-box2d> Preprocessing executable 'apecs-box2d-gallery' for apecs-box2d-0.1.0.0...
apecs-box2d> Building executable 'apecs-box2d-gallery' for apecs-box2d-0.1.0.0...
apecs-box3d> Preprocessing executable 'apecs-box3d-elite' for apecs-box3d-0.1.0.0...
apecs-box3d> Building executable 'apecs-box3d-elite' for apecs-box3d-0.1.0.0...
apecs-box2d> [1 of 1] Compiling Main [Apecs.Box2D changed]
apecs-box3d> [1 of 1] Compiling Main [Apecs.Box3D changed]
apecs-box2d> [2 of 2] Linking /home/wiz/src/gj/apecs/apecs-box2d/.stack-work/dist/x86_64-linux/ghc-9.10.3/build/apecs-box2d-gallery/apecs-box2d-gallery [Objects changed]
apecs-box3d> [2 of 2] Linking /home/wiz/src/gj/apecs/apecs-box3d/.stack-work/dist/x86_64-linux/ghc-9.10.3/build/apecs-box3d-elite/apecs-box3d-elite [Objects changed]
apecs-box2d> Preprocessing executable 'apecs-box2d-demo' for apecs-box2d-0.1.0.0...
apecs-box2d> Building executable 'apecs-box2d-demo' for apecs-box2d-0.1.0.0...
apecs-box2d> [1 of 1] Compiling Main [Apecs.Box2D changed]
apecs-box3d> Preprocessing executable 'apecs-box3d-demo' for apecs-box3d-0.1.0.0...
apecs-box3d> Building executable 'apecs-box3d-demo' for apecs-box3d-0.1.0.0...
apecs-box3d> [1 of 1] Compiling Main [Apecs.Box3D changed]
apecs-box2d> [2 of 2] Linking /home/wiz/src/gj/apecs/apecs-box2d/.stack-work/dist/x86_64-linux/ghc-9.10.3/build/apecs-box2d-demo/apecs-box2d-demo [Objects changed]
apecs-box3d> [2 of 2] Linking /home/wiz/src/gj/apecs/apecs-box3d/.stack-work/dist/x86_64-linux/ghc-9.10.3/build/apecs-box3d-demo/apecs-box3d-demo [Objects changed]
apecs-box2d> copy/register
apecs-box2d> Installing library in /home/wiz/src/gj/apecs/.stack-work/install/x86_64-linux/1fa82ed2a41841f8e30af64943d57c923daa7f23bfc06c85ed4c9da3b7fbca22/9.10.3/lib/x86_64-linux-ghc-9.10.3-b4c3/apecs-box2d-0.1.0.0-71YBOH38wYC6IgKrW3ZxtJ
apecs-box2d> Installing executable apecs-box2d-gallery in /home/wiz/src/gj/apecs/.stack-work/install/x86_64-linux/1fa82ed2a41841f8e30af64943d57c923daa7f23bfc06c85ed4c9da3b7fbca22/9.10.3/bin
apecs-box2d> Installing executable apecs-box2d-demo in /home/wiz/src/gj/apecs/.stack-work/install/x86_64-linux/1fa82ed2a41841f8e30af64943d57c923daa7f23bfc06c85ed4c9da3b7fbca22/9.10.3/bin
apecs-box2d> Registering library for apecs-box2d-0.1.0.0...
apecs-box3d> copy/register
apecs-box3d> Installing library in /home/wiz/src/gj/apecs/.stack-work/install/x86_64-linux/1fa82ed2a41841f8e30af64943d57c923daa7f23bfc06c85ed4c9da3b7fbca22/9.10.3/lib/x86_64-linux-ghc-9.10.3-b4c3/apecs-box3d-0.1.0.0-8B3cd92CGu78AluyXXLeln
apecs-box3d> Installing executable apecs-box3d-elite in /home/wiz/src/gj/apecs/.stack-work/install/x86_64-linux/1fa82ed2a41841f8e30af64943d57c923daa7f23bfc06c85ed4c9da3b7fbca22/9.10.3/bin
apecs-box3d> Installing executable apecs-box3d-demo in /home/wiz/src/gj/apecs/.stack-work/install/x86_64-linux/1fa82ed2a41841f8e30af64943d57c923daa7f23bfc06c85ed4c9da3b7fbca22/9.10.3/bin
apecs-box3d> Registering library for apecs-box3d-0.1.0.0...
Completed 2 action(s).
